
> cafe-pos-desktop@1.0.0 dist
> electron-builder

  • electron-builder  version=25.1.8 os=10.0.26200
  • loaded configuration  file=package.json ("build" field)
  • executing @electron/rebuild  electronVersion=33.4.11 arch=x64 buildFromSource=false appDir=./
  • installing native dependencies  arch=x64
  • completed installing native dependencies
  • packaging       platform=win32 arch=x64 electron=33.4.11 appOutDir=dist\win-unpacked
  • updating asar integrity executable resource  executablePath=dist\win-unpacked\Cafe POS.exe
  • signing with signtool.exe  path=dist\win-unpacked\resources\app\node_modules\@esbuild\win32-x64\esbuild.exe
  • no signing info identified, signing is skipped  signHook=false cscInfo=null
  • downloading     url=https://github.com/electron-userland/electron-builder-binaries/releases/download/winCodeSign-2.6.0/winCodeSign-2.6.0.7z size=5.6 MB parts=1
  • downloaded      url=https://github.com/electron-userland/electron-builder-binaries/releases/download/winCodeSign-2.6.0/winCodeSign-2.6.0.7z duration=3.015s
  ⨯ cannot execute  cause=exit status 2
                    out=
    7-Zip (a) 21.07 (x64) : Copyright (c) 1999-2021 Igor Pavlov : 2021-12-26
    
    Scanning the drive for archives:
    1 file, 5635384 bytes (5504 KiB)
    
    Extracting archive: C:\Users\hamid\AppData\Local\electron-builder\Cache\winCodeSign\773185995.7z
    --
    Path = C:\Users\hamid\AppData\Local\electron-builder\Cache\winCodeSign\773185995.7z
    Type = 7z
    Physical Size = 5635384
    Headers Size = 1492
    Method = LZMA2:24m LZMA:20 BCJ2
    Solid = +
    Blocks = 2
    
    
    Sub items Errors: 2
    
    Archives with Errors: 1
    
    Sub items Errors: 2
    
                    errorOut=ERROR: Cannot create symbolic link : A required privilege is not held by the client. : C:\Users\hamid\AppData\Local\electron-builder\Cache\winCodeSign\773185995\darwin\10.12\lib\libcrypto.dylib
    ERROR: Cannot create symbolic link : A required privilege is not held by the client. : C:\Users\hamid\AppData\Local\electron-builder\Cache\winCodeSign\773185995\darwin\10.12\lib\libssl.dylib
    
                    command='h:\Hamid\cafe-restaurant-pos\electron\node_modules\7zip-bin\win\x64\7za.exe' x -snld -bd 'C:\Users\hamid\AppData\Local\electron-builder\Cache\winCodeSign\773185995.7z' '-oC:\Users\hamid\AppData\Local\electron-builder\Cache\winCodeSign\773185995'
                    workingDir=C:\Users\hamid\AppData\Local\electron-builder\Cache\winCodeSign
  • Above command failed, retrying 3 more times
  • downloading     url=https://github.com/electron-userland/electron-builder-binaries/releases/download/winCodeSign-2.6.0/winCodeSign-2.6.0.7z size=5.6 MB parts=1
  • downloaded      url=https://github.com/electron-userland/electron-builder-binaries/releases/download/winCodeSign-2.6.0/winCodeSign-2.6.0.7z duration=2.391s
  ⨯ cannot execute  cause=exit status 2
                    out=
    7-Zip (a) 21.07 (x64) : Copyright (c) 1999-2021 Igor Pavlov : 2021-12-26
    
    Scanning the drive for archives:
    1 file, 5635384 bytes (5504 KiB)
    
    Extracting archive: C:\Users\hamid\AppData\Local\electron-builder\Cache\winCodeSign\643527747.7z
    --
    Path = C:\Users\hamid\AppData\Local\electron-builder\Cache\winCodeSign\643527747.7z
    Type = 7z
    Physical Size = 5635384
    Headers Size = 1492
    Method = LZMA2:24m LZMA:20 BCJ2
    Solid = +
    Blocks = 2
    
    
    Sub items Errors: 2
    
    Archives with Errors: 1
    
    Sub items Errors: 2
    
                    errorOut=ERROR: Cannot create symbolic link : A required privilege is not held by the client. : C:\Users\hamid\AppData\Local\electron-builder\Cache\winCodeSign\643527747\darwin\10.12\lib\libcrypto.dylib
    ERROR: Cannot create symbolic link : A required privilege is not held by the client. : C:\Users\hamid\AppData\Local\electron-builder\Cache\winCodeSign\643527747\darwin\10.12\lib\libssl.dylib
    
                    command='h:\Hamid\cafe-restaurant-pos\electron\node_modules\7zip-bin\win\x64\7za.exe' x -snld -bd 'C:\Users\hamid\AppData\Local\electron-builder\Cache\winCodeSign\643527747.7z' '-oC:\Users\hamid\AppData\Local\electron-builder\Cache\winCodeSign\643527747'
                    workingDir=C:\Users\hamid\AppData\Local\electron-builder\Cache\winCodeSign
  • Above command failed, retrying 3 more times
  • downloading     url=https://github.com/electron-userland/electron-builder-binaries/releases/download/winCodeSign-2.6.0/winCodeSign-2.6.0.7z size=5.6 MB parts=1
  • downloaded      url=https://github.com/electron-userland/electron-builder-binaries/releases/download/winCodeSign-2.6.0/winCodeSign-2.6.0.7z duration=2.168s
  ⨯ cannot execute  cause=exit status 2
                    out=
    7-Zip (a) 21.07 (x64) : Copyright (c) 1999-2021 Igor Pavlov : 2021-12-26
    
    Scanning the drive for archives:
    1 file, 5635384 bytes (5504 KiB)
    
    Extracting archive: C:\Users\hamid\AppData\Local\electron-builder\Cache\winCodeSign\502196403.7z
    --
    Path = C:\Users\hamid\AppData\Local\electron-builder\Cache\winCodeSign\502196403.7z
    Type = 7z
    Physical Size = 5635384
    Headers Size = 1492
    Method = LZMA2:24m LZMA:20 BCJ2
    Solid = +
    Blocks = 2
    
    
    Sub items Errors: 2
    
    Archives with Errors: 1
    
    Sub items Errors: 2
    
                    errorOut=ERROR: Cannot create symbolic link : A required privilege is not held by the client. : C:\Users\hamid\AppData\Local\electron-builder\Cache\winCodeSign\502196403\darwin\10.12\lib\libcrypto.dylib
    ERROR: Cannot create symbolic link : A required privilege is not held by the client. : C:\Users\hamid\AppData\Local\electron-builder\Cache\winCodeSign\502196403\darwin\10.12\lib\libssl.dylib
    
                    command='h:\Hamid\cafe-restaurant-pos\electron\node_modules\7zip-bin\win\x64\7za.exe' x -snld -bd 'C:\Users\hamid\AppData\Local\electron-builder\Cache\winCodeSign\502196403.7z' '-oC:\Users\hamid\AppData\Local\electron-builder\Cache\winCodeSign\502196403'
                    workingDir=C:\Users\hamid\AppData\Local\electron-builder\Cache\winCodeSign
  • Above command failed, retrying 3 more times
  • downloading     url=https://github.com/electron-userland/electron-builder-binaries/releases/download/winCodeSign-2.6.0/winCodeSign-2.6.0.7z size=5.6 MB parts=1
  • downloaded      url=https://github.com/electron-userland/electron-builder-binaries/releases/download/winCodeSign-2.6.0/winCodeSign-2.6.0.7z duration=2.307s
  ⨯ cannot execute  cause=exit status 2
                    out=
    7-Zip (a) 21.07 (x64) : Copyright (c) 1999-2021 Igor Pavlov : 2021-12-26
    
    Scanning the drive for archives:
    1 file, 5635384 bytes (5504 KiB)
    
    Extracting archive: C:\Users\hamid\AppData\Local\electron-builder\Cache\winCodeSign\231615067.7z
    --
    Path = C:\Users\hamid\AppData\Local\electron-builder\Cache\winCodeSign\231615067.7z
    Type = 7z
    Physical Size = 5635384
    Headers Size = 1492
    Method = LZMA2:24m LZMA:20 BCJ2
    Solid = +
    Blocks = 2
    
    
    Sub items Errors: 2
    
    Archives with Errors: 1
    
    Sub items Errors: 2
    
                    errorOut=ERROR: Cannot create symbolic link : A required privilege is not held by the client. : C:\Users\hamid\AppData\Local\electron-builder\Cache\winCodeSign\231615067\darwin\10.12\lib\libcrypto.dylib
    ERROR: Cannot create symbolic link : A required privilege is not held by the client. : C:\Users\hamid\AppData\Local\electron-builder\Cache\winCodeSign\231615067\darwin\10.12\lib\libssl.dylib
    
                    command='h:\Hamid\cafe-restaurant-pos\electron\node_modules\7zip-bin\win\x64\7za.exe' x -snld -bd 'C:\Users\hamid\AppData\Local\electron-builder\Cache\winCodeSign\231615067.7z' '-oC:\Users\hamid\AppData\Local\electron-builder\Cache\winCodeSign\231615067'
                    workingDir=C:\Users\hamid\AppData\Local\electron-builder\Cache\winCodeSign
  • Above command failed, retrying 3 more times
